Script started on Sun 19 Apr 2015 02:27:47 AM PDT
~
htang014@hammer $ cd rshell
~/rshell
htang014@hammer $ make
mkdir -p bin
g++ -ansi -pedantic -Wall -Werror src/rshell.cpp -o bin/rshell
g++ -ansi -pedantic -Wall -Werror src/rshell.cpp -o bin/rshell
~/rshell
htang014@hammer $ bin/rshell
/class/classes/htang014/rshell
htang014@hammer $ ls
bin  LICENSE  Makefile	README.md  src	tests

/class/classes/htang014/rshell
htang014@hammer $ ls -a
.  ..  bin  .git  LICENSE  Makefile  README.md	src  tests

/class/classes/htang014/rshell
htang014@hammer $ ls -a -l
total 36
drwx------  6 htang014 classes 4096 Apr 19 02:17 .
drwx------ 23 htang014 classes 4096 Apr 19 02:17 ..
drwx------  2 htang014 classes 4096 Apr 19 02:22 bin
drwx------  8 htang014 classes 4096 Apr 19 02:14 .git
-rw-------  1 htang014 classes 1076 Apr 13 13:33 LICENSE
-rw-------  1 htang014 classes  165 Apr 19 02:14 Makefile
-rw-------  1 htang014 classes 2293 Apr 19 02:14 README.md
drwx------  2 htang014 classes 4096 Apr 19 02:14 src
drwx------  2 htang014 classes 4096 Apr 19 02:22 tests

/class/classes/htang014/rshell
htang014@hammer $ ls blah
ls: cannot access blah: No such file or directory

/class/classes/htang014/rshell
htang014@hammer $ ls -blah
total 36K
drwx------  6 htang014 classes 4.0K Apr 19 02:17 .
drwx------ 23 htang014 classes 4.0K Apr 19 02:17 ..
drwx------  2 htang014 classes 4.0K Apr 19 02:22 bin
drwx------  8 htang014 classes 4.0K Apr 19 02:14 .git
-rw-------  1 htang014 classes 1.1K Apr 13 13:33 LICENSE
-rw-------  1 htang014 classes  165 Apr 19 02:14 Makefile
-rw-------  1 htang014 classes 2.3K Apr 19 02:14 README.md
drwx------  2 htang014 classes 4.0K Apr 19 02:14 src
drwx------  2 htang014 classes 4.0K Apr 19 02:22 tests

/class/classes/htang014/rshell
htang014@hammer $ ls -a -l   #this is a comment
total 36
drwx------  6 htang014 classes 4096 Apr 19 02:17 .
drwx------ 23 htang014 classes 4096 Apr 19 02:17 ..
drwx------  2 htang014 classes 4096 Apr 19 02:22 bin
drwx------  8 htang014 classes 4096 Apr 19 02:14 .git
-rw-------  1 htang014 classes 1076 Apr 13 13:33 LICENSE
-rw-------  1 htang014 classes  165 Apr 19 02:14 Makefile
-rw-------  1 htang014 classes 2293 Apr 19 02:14 README.md
drwx------  2 htang014 classes 4096 Apr 19 02:14 src
drwx------  2 htang014 classes 4096 Apr 19 02:22 tests

/class/classes/htang014/rshell
htang014@hammer $ ls -a -l      #this is also a comment
bin  LICENSE  Makefile	README.md  src	tests

/class/classes/htang014/rshell
htang014@hammer $ ls #another comment                    another comment
bin  LICENSE  Makefile	README.md  src	tests

/class/classes/htang014/rshell
htang014@hammer $ ls                     -a
.  ..  bin  .git  LICENSE  Makefile  README.md	src  tests

/class/classes/htang014/rshell
htang014@hammer $ ls && pwd
bin  LICENSE  Makefile	README.md  src	tests
/class/classes/htang014/rshell

/class/classes/htang014/rshell
htang014@hammer $ ls || pwd
bin  LICENSE  Makefile	README.md  src	tests

/class/classes/htang014/rshell
htang014@hammer $ ls ; pwd
bin  LICENSE  Makefile	README.md  src	tests
/class/classes/htang014/rshell

/class/classes/htang014/rshell
htang014@hammer $ ls     && ps || pwd
bin  LICENSE  Makefile	README.md  src	tests
  PID TTY          TIME CMD
32147 pts/22   00:00:00 bash
32165 pts/22   00:00:00 rshell
32402 pts/22   00:00:00 ps

/class/classes/htang014/rshell
htang014@hammer $ ls && pwd && ps &&  ;; ls ;       ls ; ls ;    pwd ; frigg     blah    blah || ls && ls && foo ; bar
bin  LICENSE  Makefile	README.md  src	tests
/class/classes/htang014/rshell
  PID TTY          TIME CMD
32147 pts/22   00:00:00 bash
32165 pts/22   00:00:00 rshell
32479 pts/22   00:00:00 ps
bin  LICENSE  Makefile	README.md  src	tests
/class/classes/htang014/rshell
There was an error with execvp(): No such file or directory

/class/classes/htang014/rshell
htang014@hammer $ exit    foo
There was an error with execvp(): No such file or directory

/class/classes/htang014/rshell
htang014@hammer $ cd
There was an error with execvp(): No such file or directory

/class/classes/htang014/rshell
htang014@hammer $ clear
[H[2J
/class/classes/htang014/rshell
htang014@hammer $ exit
~/rshell
htang014@hammer $ exit
exit

Script done on Sun 19 Apr 2015 02:33:16 AM PDT
